// Jest Snapshot v1, https://goo.gl/fbAQLP

exports[`Button Matches snapshot 1`] = `
<div>
  <button
    class="sc-bdvvtL bxDyPj"
  >
    Click me!
  </button>
</div>
`;
