// Jest Snapshot v1, https://goo.gl/fbAQLP

exports[`AppBar renders correclty 1`] = `
<div>
  <header
    class="sc-bdvvtL iLoynf"
  >
    <p
      class="sc-gsDKAQ bvmJiY"
    >
      AppBarTitle
    </p>
  </header>
</div>
`;
